// Jest Snapshot v1, https://goo.gl/fbAQLP

exports[`DynamicList component has the expected html structure 1`] = `<div />`;
